[1 / 100 ] 2023-02-23 04:12:39 {'model_date': '2023-02-23 06:06:10', 'tracklist': ["Sugar  We're Goin Down"], 'version': '1'}
[2 / 100 ] 2023-02-23 04:12:39 {'model_date': '2023-02-23 06:06:10', 'tracklist': ["Sugar  We're Goin Down"], 'version': '1'}
[3 / 100 ] 2023-02-23 04:12:40 {'model_date': '2023-02-23 06:06:10', 'tracklist': ["Sugar  We're Goin Down"], 'version': '1'}
[4 / 100 ] 2023-02-23 04:12:40 {'model_date': '2023-02-23 06:06:10', 'tracklist': ["Sugar  We're Goin Down"], 'version': '1'}
[5 / 100 ] 2023-02-23 04:12:41 {'model_date': '2023-02-23 06:06:10', 'tracklist': ["Sugar  We're Goin Down"], 'version': '1'}
[6 / 100 ] 2023-02-23 04:12:41 {'model_date': '2023-02-23 06:06:10', 'tracklist': ["Sugar  We're Goin Down"], 'version': '1'}
[7 / 100 ] 2023-02-23 04:12:42 {'model_date': '2023-02-23 06:06:10', 'tracklist': ["Sugar  We're Goin Down"], 'version': '1'}
[8 / 100 ] 2023-02-23 04:12:42 {'model_date': '2023-02-23 06:06:10', 'tracklist': ["Sugar  We're Goin Down"], 'version': '1'}
[9 / 100 ] 2023-02-23 04:12:43 {'model_date': '2023-02-23 06:06:10', 'tracklist': ["Sugar  We're Goin Down"], 'version': '1'}
[10 / 100 ] 2023-02-23 04:12:43 {'model_date': '2023-02-23 06:06:10', 'tracklist': ["Sugar  We're Goin Down"], 'version': '1'}
[11 / 100 ] 2023-02-23 04:12:44 {'model_date': '2023-02-23 06:06:10', 'tracklist': ["Sugar  We're Goin Down"], 'version': '1'}
[12 / 100 ] 2023-02-23 04:12:44 {'model_date': '2023-02-23 06:06:10', 'tracklist': ["Sugar  We're Goin Down"], 'version': '1'}
[13 / 100 ] 2023-02-23 04:12:45 {'model_date': '2023-02-23 06:06:10', 'tracklist': ["Sugar  We're Goin Down"], 'version': '1'}
[14 / 100 ] 2023-02-23 04:12:45 {'model_date': '2023-02-23 06:06:10', 'tracklist': ["Sugar  We're Goin Down"], 'version': '1'}
[15 / 100 ] 2023-02-23 04:12:46 {'model_date': '2023-02-23 06:06:10', 'tracklist': ["Sugar  We're Goin Down"], 'version': '1'}
[16 / 100 ] 2023-02-23 04:12:46 {'model_date': '2023-02-23 06:06:10', 'tracklist': ["Sugar  We're Goin Down"], 'version': '1'}
[17 / 100 ] 2023-02-23 04:12:47 {'model_date': '2023-02-23 06:06:10', 'tracklist': ["Sugar  We're Goin Down"], 'version': '1'}
[18 / 100 ] 2023-02-23 04:12:47 {'model_date': '2023-02-23 06:06:10', 'tracklist': ["Sugar  We're Goin Down"], 'version': '1'}
[19 / 100 ] 2023-02-23 04:12:48 {'model_date': '2023-02-23 06:06:10', 'tracklist': ["Sugar  We're Goin Down"], 'version': '1'}
[20 / 100 ] 2023-02-23 04:12:48 {'model_date': '2023-02-23 06:06:10', 'tracklist': ["Sugar  We're Goin Down"], 'version': '1'}
[21 / 100 ] 2023-02-23 04:12:49 {'model_date': '2023-02-23 06:06:10', 'tracklist': ["Sugar  We're Goin Down"], 'version': '1'}
[22 / 100 ] 2023-02-23 04:12:49 {'model_date': '2023-02-23 06:06:10', 'tracklist': ["Sugar  We're Goin Down"], 'version': '1'}
[23 / 100 ] 2023-02-23 04:12:50 {'model_date': '2023-02-23 06:06:10', 'tracklist': ["Sugar  We're Goin Down"], 'version': '1'}
[24 / 100 ] 2023-02-23 04:12:50 SERVICE_OFFLINE
[25 / 100 ] 2023-02-23 04:12:51 SERVICE_OFFLINE
[26 / 100 ] 2023-02-23 04:12:51 {'model_date': '2023-02-23 06:06:10', 'tracklist': ["Sugar  We're Goin Down"], 'version': '1'}
[27 / 100 ] 2023-02-23 04:12:52 {'model_date': '2023-02-23 06:06:10', 'tracklist': ["Sugar  We're Goin Down"], 'version': '1'}
[28 / 100 ] 2023-02-23 04:12:52 {'model_date': '2023-02-23 06:06:10', 'tracklist': ["Sugar  We're Goin Down"], 'version': '1'}
[29 / 100 ] 2023-02-23 04:12:53 {'model_date': '2023-02-23 06:06:10', 'tracklist': ["Sugar  We're Goin Down"], 'version': '1'}
[30 / 100 ] 2023-02-23 04:12:53 {'model_date': '2023-02-23 06:06:10', 'tracklist': ["Sugar  We're Goin Down"], 'version': '1'}
[31 / 100 ] 2023-02-23 04:12:54 {'model_date': '2023-02-23 06:06:10', 'tracklist': ["Sugar  We're Goin Down"], 'version': '1'}
[32 / 100 ] 2023-02-23 04:12:55 {'model_date': '2023-02-23 06:06:10', 'tracklist': ["Sugar  We're Goin Down"], 'version': '1'}
[33 / 100 ] 2023-02-23 04:12:55 {'model_date': '2023-02-23 06:06:10', 'tracklist': ["Sugar  We're Goin Down"], 'version': '1'}
[34 / 100 ] 2023-02-23 04:12:56 {'model_date': '2023-02-23 06:06:10', 'tracklist': ["Sugar  We're Goin Down"], 'version': '1'}
[35 / 100 ] 2023-02-23 04:12:56 {'model_date': '2023-02-23 06:06:10', 'tracklist': ["Sugar  We're Goin Down"], 'version': '1'}
[36 / 100 ] 2023-02-23 04:12:57 {'model_date': '2023-02-23 06:06:10', 'tracklist': ["Sugar  We're Goin Down"], 'version': '1'}
[37 / 100 ] 2023-02-23 04:12:57 {'model_date': '2023-02-23 06:06:10', 'tracklist': ["Sugar  We're Goin Down"], 'version': '1'}
[38 / 100 ] 2023-02-23 04:12:58 {'model_date': '2023-02-23 06:06:10', 'tracklist': ["Sugar  We're Goin Down"], 'version': '1'}
[39 / 100 ] 2023-02-23 04:12:58 {'model_date': '2023-02-23 06:06:10', 'tracklist': ["Sugar  We're Goin Down"], 'version': '1'}
[40 / 100 ] 2023-02-23 04:12:59 {'model_date': '2023-02-23 06:06:10', 'tracklist': ["Sugar  We're Goin Down"], 'version': '1'}
[41 / 100 ] 2023-02-23 04:12:59 {'model_date': '2023-02-23 06:06:10', 'tracklist': ["Sugar  We're Goin Down"], 'version': '1'}
[42 / 100 ] 2023-02-23 04:13:00 {'model_date': '2023-02-23 06:06:10', 'tracklist': ["Sugar  We're Goin Down"], 'version': '1'}
[43 / 100 ] 2023-02-23 04:13:00 {'model_date': '2023-02-23 06:06:10', 'tracklist': ["Sugar  We're Goin Down"], 'version': '1'}
[44 / 100 ] 2023-02-23 04:13:01 {'model_date': '2023-02-23 06:06:10', 'tracklist': ["Sugar  We're Goin Down"], 'version': '1'}
[45 / 100 ] 2023-02-23 04:13:01 {'model_date': '2023-02-23 06:06:10', 'tracklist': ["Sugar  We're Goin Down"], 'version': '1'}
[46 / 100 ] 2023-02-23 04:13:02 {'model_date': '2023-02-23 06:06:10', 'tracklist': ["Sugar  We're Goin Down"], 'version': '1'}
[47 / 100 ] 2023-02-23 04:13:02 {'model_date': '2023-02-23 06:06:10', 'tracklist': ["Sugar  We're Goin Down"], 'version': '1'}
[48 / 100 ] 2023-02-23 04:13:03 {'model_date': '2023-02-23 06:06:10', 'tracklist': ["Sugar  We're Goin Down"], 'version': '1'}
[49 / 100 ] 2023-02-23 04:13:03 {'model_date': '2023-02-23 06:06:10', 'tracklist': ["Sugar  We're Goin Down"], 'version': '1'}
[50 / 100 ] 2023-02-23 04:13:04 {'model_date': '2023-02-23 06:06:10', 'tracklist': ["Sugar  We're Goin Down"], 'version': '1'}
[51 / 100 ] 2023-02-23 04:13:04 {'model_date': '2023-02-23 06:06:10', 'tracklist': ["Sugar  We're Goin Down"], 'version': '1'}
[52 / 100 ] 2023-02-23 04:13:05 {'model_date': '2023-02-23 06:06:10', 'tracklist': ["Sugar  We're Goin Down"], 'version': '1'}
[53 / 100 ] 2023-02-23 04:13:05 {'model_date': '2023-02-23 06:06:10', 'tracklist': ["Sugar  We're Goin Down"], 'version': '1'}
[54 / 100 ] 2023-02-23 04:13:06 {'model_date': '2023-02-23 06:06:10', 'tracklist': ["Sugar  We're Goin Down"], 'version': '1'}
[55 / 100 ] 2023-02-23 04:13:06 {'model_date': '2023-02-23 06:06:10', 'tracklist': ["Sugar  We're Goin Down"], 'version': '1'}
[56 / 100 ] 2023-02-23 04:13:07 {'model_date': '2023-02-23 06:06:10', 'tracklist': ["Sugar  We're Goin Down"], 'version': '1'}
[57 / 100 ] 2023-02-23 04:13:07 {'model_date': '2023-02-23 06:06:10', 'tracklist': ["Sugar  We're Goin Down"], 'version': '1'}
[58 / 100 ] 2023-02-23 04:13:08 {'model_date': '2023-02-23 06:06:10', 'tracklist': ["Sugar  We're Goin Down"], 'version': '1'}
[59 / 100 ] 2023-02-23 04:13:08 {'model_date': '2023-02-23 06:06:10', 'tracklist': ["Sugar  We're Goin Down"], 'version': '1'}
[60 / 100 ] 2023-02-23 04:13:09 {'model_date': '2023-02-23 06:06:10', 'tracklist': ["Sugar  We're Goin Down"], 'version': '1'}
[61 / 100 ] 2023-02-23 04:13:09 {'model_date': '2023-02-23 06:06:10', 'tracklist': ["Sugar  We're Goin Down"], 'version': '1'}
[62 / 100 ] 2023-02-23 04:13:10 {'model_date': '2023-02-23 06:06:10', 'tracklist': ["Sugar  We're Goin Down"], 'version': '1'}
[63 / 100 ] 2023-02-23 04:13:10 {'model_date': '2023-02-23 06:06:10', 'tracklist': ["Sugar  We're Goin Down"], 'version': '1'}
[64 / 100 ] 2023-02-23 04:13:11 {'model_date': '2023-02-23 06:06:10', 'tracklist': ["Sugar  We're Goin Down"], 'version': '1'}
[65 / 100 ] 2023-02-23 04:13:11 {'model_date': '2023-02-23 06:06:10', 'tracklist': ["Sugar  We're Goin Down"], 'version': '1'}
[66 / 100 ] 2023-02-23 04:13:12 {'model_date': '2023-02-23 06:06:10', 'tracklist': ["Sugar  We're Goin Down"], 'version': '1'}
[67 / 100 ] 2023-02-23 04:13:12 {'model_date': '2023-02-23 06:06:10', 'tracklist': ["Sugar  We're Goin Down"], 'version': '1'}
[68 / 100 ] 2023-02-23 04:13:13 {'model_date': '2023-02-23 06:06:10', 'tracklist': ["Sugar  We're Goin Down"], 'version': '1'}
[69 / 100 ] 2023-02-23 04:13:13 {'model_date': '2023-02-23 06:06:10', 'tracklist': ["Sugar  We're Goin Down"], 'version': '1'}
[70 / 100 ] 2023-02-23 04:13:14 {'model_date': '2023-02-23 06:06:10', 'tracklist': ["Sugar  We're Goin Down"], 'version': '1'}
[71 / 100 ] 2023-02-23 04:13:14 {'model_date': '2023-02-23 06:06:10', 'tracklist': ["Sugar  We're Goin Down"], 'version': '1'}
[72 / 100 ] 2023-02-23 04:13:15 {'model_date': '2023-02-23 06:06:10', 'tracklist': ["Sugar  We're Goin Down"], 'version': '1'}
[73 / 100 ] 2023-02-23 04:13:15 {'model_date': '2023-02-23 06:06:10', 'tracklist': ["Sugar  We're Goin Down"], 'version': '1'}
[74 / 100 ] 2023-02-23 04:13:16 {'model_date': '2023-02-23 06:06:10', 'tracklist': ["Sugar  We're Goin Down"], 'version': '1'}
[75 / 100 ] 2023-02-23 04:13:16 {'model_date': '2023-02-23 06:06:10', 'tracklist': ["Sugar  We're Goin Down"], 'version': '1'}
[76 / 100 ] 2023-02-23 04:13:17 {'model_date': '2023-02-23 06:06:10', 'tracklist': ["Sugar  We're Goin Down"], 'version': '1'}
[77 / 100 ] 2023-02-23 04:13:17 {'model_date': '2023-02-23 06:06:10', 'tracklist': ["Sugar  We're Goin Down"], 'version': '1'}
[78 / 100 ] 2023-02-23 04:13:18 {'model_date': '2023-02-23 06:06:10', 'tracklist': ["Sugar  We're Goin Down"], 'version': '1'}
[79 / 100 ] 2023-02-23 04:13:18 {'model_date': '2023-02-23 06:06:10', 'tracklist': ["Sugar  We're Goin Down"], 'version': '1'}
[80 / 100 ] 2023-02-23 04:13:19 {'model_date': '2023-02-23 06:06:10', 'tracklist': ["Sugar  We're Goin Down"], 'version': '1'}
[81 / 100 ] 2023-02-23 04:13:19 {'model_date': '2023-02-23 06:06:10', 'tracklist': ["Sugar  We're Goin Down"], 'version': '1'}
[82 / 100 ] 2023-02-23 04:13:20 {'model_date': '2023-02-23 06:06:10', 'tracklist': ["Sugar  We're Goin Down"], 'version': '1'}
[83 / 100 ] 2023-02-23 04:13:20 {'model_date': '2023-02-23 06:06:10', 'tracklist': ["Sugar  We're Goin Down"], 'version': '1'}
[84 / 100 ] 2023-02-23 04:13:21 {'model_date': '2023-02-23 06:06:10', 'tracklist': ["Sugar  We're Goin Down"], 'version': '1'}
[85 / 100 ] 2023-02-23 04:13:21 {'model_date': '2023-02-23 06:06:10', 'tracklist': ["Sugar  We're Goin Down"], 'version': '1'}
[86 / 100 ] 2023-02-23 04:13:22 {'model_date': '2023-02-23 06:06:10', 'tracklist': ["Sugar  We're Goin Down"], 'version': '1'}
[87 / 100 ] 2023-02-23 04:13:22 {'model_date': '2023-02-23 06:06:10', 'tracklist': ["Sugar  We're Goin Down"], 'version': '1'}
[88 / 100 ] 2023-02-23 04:13:23 {'model_date': '2023-02-23 06:06:10', 'tracklist': ["Sugar  We're Goin Down"], 'version': '1'}
[89 / 100 ] 2023-02-23 04:13:23 {'model_date': '2023-02-23 06:06:10', 'tracklist': ["Sugar  We're Goin Down"], 'version': '1'}
[90 / 100 ] 2023-02-23 04:13:24 {'model_date': '2023-02-23 06:06:10', 'tracklist': ["Sugar  We're Goin Down"], 'version': '1'}
[91 / 100 ] 2023-02-23 04:13:24 {'model_date': '2023-02-23 06:06:10', 'tracklist': ["Sugar  We're Goin Down"], 'version': '1'}
[92 / 100 ] 2023-02-23 04:13:25 {'model_date': '2023-02-23 06:06:10', 'tracklist': ["Sugar  We're Goin Down"], 'version': '1'}
[93 / 100 ] 2023-02-23 04:13:25 {'model_date': '2023-02-23 06:06:10', 'tracklist': ["Sugar  We're Goin Down"], 'version': '1'}
[94 / 100 ] 2023-02-23 04:13:26 {'model_date': '2023-02-23 06:06:10', 'tracklist': ["Sugar  We're Goin Down"], 'version': '1'}
[95 / 100 ] 2023-02-23 04:13:27 {'model_date': '2023-02-23 06:06:10', 'tracklist': ["Sugar  We're Goin Down"], 'version': '1'}
[96 / 100 ] 2023-02-23 04:13:27 {'model_date': '2023-02-23 06:06:10', 'tracklist': ["Sugar  We're Goin Down"], 'version': '1'}
[97 / 100 ] 2023-02-23 04:13:28 {'model_date': '2023-02-23 06:06:10', 'tracklist': ["Sugar  We're Goin Down"], 'version': '1'}
[98 / 100 ] 2023-02-23 04:13:28 {'model_date': '2023-02-23 06:06:10', 'tracklist': ["Sugar  We're Goin Down"], 'version': '1'}
[99 / 100 ] 2023-02-23 04:13:29 {'model_date': '2023-02-23 06:06:10', 'tracklist': ["Sugar  We're Goin Down"], 'version': '1'}
[100 / 100 ] 2023-02-23 04:13:29 {'model_date': '2023-02-23 06:06:10', 'tracklist': ["Sugar  We're Goin Down"], 'version': '1'}
